// Jest Snapshot v1, https://goo.gl/fbAQLP

exports[`Pagination Button TDD should render component 1`] = `
<div
  className="d-flex"
>
  <div
    className="bob-btn secondary width-100"
    id="prev"
    onClick={[Function]}
  >
    Prev
  </div>
  <div
    className="bob-btn secondary width-100"
    id="next"
    onClick={[Function]}
  >
    Next
  </div>
</div>
`;
