// Jest Snapshot v1, https://goo.gl/fbAQLP

exports[`Form TDD should goBack 1`] = `
<form
  id="create-room-form"
  onSubmit={[Function]}
>
  <h2
    className="align-left title small mt-3"
  >
    Room's name
  </h2>
  <input
    className="width-100 p-2"
    id="room"
    maxLength="25"
    name="room"
    placeholder="MY AWSOME ROOM"
    type="text"
  />
  <h2
    className="align-left title small mt-3"
  >
    Game mode
  </h2>
  <div>
    <input
      defaultChecked={true}
      defaultValue="classic"
      name="mode"
      type="radio"
    />
    <span
      className="ml-1"
    >
      Classic
    </span>
  </div>
  <div>
    <input
      defaultValue="invisible"
      name="mode"
      type="radio"
    />
    <span
      className="ml-1"
    >
      Invisible Piece
    </span>
  </div>
  <button
    className="bob-btn secondary width-100"
    type="submit"
  >
    Create
  </button>
  <div
    className="bob-btn secondary width-100"
    onClick={[Function]}
  >
    Back
  </div>
</form>
`;

exports[`Form TDD should render and submit 1`] = `
<form
  id="create-room-form"
  onSubmit={[Function]}
>
  <h2
    className="align-left title small mt-3"
  >
    Room's name
  </h2>
  <input
    className="width-100 p-2"
    id="room"
    maxLength="25"
    name="room"
    placeholder="MY AWSOME ROOM"
    type="text"
  />
  <h2
    className="align-left title small mt-3"
  >
    Game mode
  </h2>
  <div>
    <input
      defaultChecked={true}
      defaultValue="classic"
      name="mode"
      type="radio"
    />
    <span
      className="ml-1"
    >
      Classic
    </span>
  </div>
  <div>
    <input
      defaultValue="invisible"
      name="mode"
      type="radio"
    />
    <span
      className="ml-1"
    >
      Invisible Piece
    </span>
  </div>
  <button
    className="bob-btn secondary width-100"
    type="submit"
  >
    Create
  </button>
  <div
    className="bob-btn secondary width-100"
    onClick={[Function]}
  >
    Back
  </div>
</form>
`;
