// Jest Snapshot v1, https://goo.gl/fbAQLP

exports[`App Container TDD should render Create container 1`] = `
<div
  className="menu-screen"
>
  <div>
    <h1
      className="title"
    >
      Create a room
    </h1>
    <form
      id="create-room-form"
      onSubmit={[Function]}
    >
      <h2
        className="align-left title small mt-3"
      >
        Room's name
      </h2>
      <input
        className="width-100 p-2"
        id="room"
        maxLength="25"
        name="room"
        placeholder="MY AWSOME ROOM"
        type="text"
      />
      <h2
        className="align-left title small mt-3"
      >
        Game mode
      </h2>
      <div>
        <input
          defaultChecked={true}
          defaultValue="classic"
          name="mode"
          type="radio"
        />
        <span
          className="ml-1"
        >
          Classic
        </span>
      </div>
      <div>
        <input
          defaultValue="invisible"
          name="mode"
          type="radio"
        />
        <span
          className="ml-1"
        >
          Invisible Piece
        </span>
      </div>
      <button
        className="bob-btn secondary width-100"
        type="submit"
      >
        Create
      </button>
      <div
        className="bob-btn secondary width-100"
        onClick={[Function]}
      >
        Back
      </div>
    </form>
  </div>
</div>
`;

exports[`App Container TDD should render Listing container 1`] = `
<div
  className="menu-screen"
>
  <div>
    <div>
      <h4
        className="title"
      >
        SELECT A ROOM
      </h4>
      <div
        className="room-list pd"
      >
        <h2
          className="title small my-auto"
        >
          No room available
        </h2>
      </div>
    </div>
    <div
      className="d-flex"
    >
      <div
        className="bob-btn secondary width-100"
        id="create"
        onClick={[Function]}
      >
        New room
      </div>
      <div
        className="d-flex"
      >
        <div
          className="bob-btn secondary width-100"
          id="prev"
          onClick={[Function]}
        >
          Prev
        </div>
        <div
          className="bob-btn secondary width-100"
          id="next"
          onClick={[Function]}
        >
          Next
        </div>
      </div>
    </div>
  </div>
</div>
`;

exports[`App Container TDD should render Room container 1`] = `
<div>
  <div
    className="align-center width-100"
  >
    <h1
      className="title medium"
    >
      testName
    </h1>
  </div>
  <div
    className="p-3 d-flex just-center mx-auto width-25"
  >
    <div
      className="bob-btn secondary width-75"
      onClick={[Function]}
    >
      Leave
    </div>
  </div>
  <div
    className="p-2 width-100 d-flex row just-center mx-auto"
  >
    <div
      className="board"
    />
  </div>
</div>
`;

exports[`App Container TDD should render undefined state (Play Component) 1`] = `
<div
  className="menu-screen"
>
  <div
    className="main-menu"
  >
    <h1
      className="title"
    >
      Red Tetris
    </h1>
    <form
      className="d-flex col just-center"
      id="form-name"
      onSubmit={[Function]}
    >
      <input
        autoFocus={true}
        maxLength="15"
        name="nickname"
        placeholder="your nickname (max 15 chars)"
        type="text"
      />
      <button
        className="bob-btn secondary"
        type="submit"
      >
        Play
      </button>
    </form>
  </div>
</div>
`;
